// Jest Snapshot v1, https://goo.gl/fbAQLP

exports[`Details page testing Details header test 1`] = `
<Header
  handleFavoriteClick={[MockFunction]}
  historyBack={[MockFunction]}
  isFavorite={true}
/>
`;
