// Jest Snapshot v1, https://goo.gl/fbAQLP

exports[`PropSearch page testing Header test 1`] = `
<div
  data-test="searchHeader"
>
  <Link
    data-test="favesLink"
    replace={false}
    to="/favorite"
  >
    Faves 
  </Link>
  <h3>
    Property cross
  </h3>
</div>
`;
